Archive member included because of file (symbol)

/usr/lib/gcc/avr/4.3.3/avr5/libgcc.a(_mulsi3.o)
                              ./HardwareSerial.o (__mulsi3)
/usr/lib/gcc/avr/4.3.3/avr5/libgcc.a(_divmodhi4.o)
                              ./HardwareSerial.o (__divmodhi4)
/usr/lib/gcc/avr/4.3.3/avr5/libgcc.a(_udivmodsi4.o)
                              ./HardwareSerial.o (__udivmodsi4)
/usr/lib/gcc/avr/4.3.3/avr5/libgcc.a(_divmodsi4.o)
                              ./WMath.o (__divmodsi4)
/usr/lib/gcc/avr/4.3.3/avr5/libgcc.a(_exit.o)
                              /usr/lib/gcc/avr/4.3.3/../../../avr/lib/avr5/crtm328p.o (exit)
/usr/lib/gcc/avr/4.3.3/avr5/libgcc.a(_copy_data.o)
                              ./Encoder.o (__do_copy_data)
/usr/lib/gcc/avr/4.3.3/avr5/libgcc.a(_clear_bss.o)
                              ./Encoder.o (__do_clear_bss)
/usr/lib/gcc/avr/4.3.3/avr5/libgcc.a(_ctors.o)
                              ./HardwareSerial.o (__do_global_ctors)
/usr/lib/gcc/avr/4.3.3/avr5/libgcc.a(_dtors.o)
                              ./robot.o (__do_global_dtors)
/usr/lib/gcc/avr/4.3.3/avr5/libgcc.a(_fixunssfsi.o)
                              ./Print.o (__fixunssfsi)
/usr/lib/gcc/avr/4.3.3/avr5/libgcc.a(_addsub_sf.o)
                              ./Print.o (__subsf3)
/usr/lib/gcc/avr/4.3.3/avr5/libgcc.a(_mul_sf.o)
                              ./Print.o (__mulsf3)
/usr/lib/gcc/avr/4.3.3/avr5/libgcc.a(_div_sf.o)
                              ./Print.o (__divsf3)
/usr/lib/gcc/avr/4.3.3/avr5/libgcc.a(_ge_sf.o)
                              /usr/lib/gcc/avr/4.3.3/avr5/libgcc.a(_fixunssfsi.o) (__gesf2)
/usr/lib/gcc/avr/4.3.3/avr5/libgcc.a(_lt_sf.o)
                              ./Print.o (__ltsf2)
/usr/lib/gcc/avr/4.3.3/avr5/libgcc.a(_si_to_sf.o)
                              ./Print.o (__floatsisf)
/usr/lib/gcc/avr/4.3.3/avr5/libgcc.a(_sf_to_si.o)
                              ./Print.o (__fixsfsi)
/usr/lib/gcc/avr/4.3.3/avr5/libgcc.a(_thenan_sf.o)
                              /usr/lib/gcc/avr/4.3.3/avr5/libgcc.a(_addsub_sf.o) (__thenan_sf)
/usr/lib/gcc/avr/4.3.3/avr5/libgcc.a(_usi_to_sf.o)
                              ./Print.o (__floatunsisf)
/usr/lib/gcc/avr/4.3.3/avr5/libgcc.a(_udivmodhi4.o)
                              /usr/lib/gcc/avr/4.3.3/avr5/libgcc.a(_divmodhi4.o) (__udivmodhi4)
/usr/lib/gcc/avr/4.3.3/avr5/libgcc.a(_prologue.o)
                              /usr/lib/gcc/avr/4.3.3/avr5/libgcc.a(_addsub_sf.o) (__prologue_saves__)
/usr/lib/gcc/avr/4.3.3/avr5/libgcc.a(_epilogue.o)
                              /usr/lib/gcc/avr/4.3.3/avr5/libgcc.a(_addsub_sf.o) (__epilogue_restores__)
/usr/lib/gcc/avr/4.3.3/avr5/libgcc.a(_tablejump.o)
                              /usr/lib/gcc/avr/4.3.3/avr5/libgcc.a(_ctors.o) (__tablejump__)
/usr/lib/gcc/avr/4.3.3/avr5/libgcc.a(_clzsi2.o)
                              /usr/lib/gcc/avr/4.3.3/avr5/libgcc.a(_si_to_sf.o) (__clzsi2)
/usr/lib/gcc/avr/4.3.3/avr5/libgcc.a(_pack_sf.o)
                              /usr/lib/gcc/avr/4.3.3/avr5/libgcc.a(_addsub_sf.o) (__pack_f)
/usr/lib/gcc/avr/4.3.3/avr5/libgcc.a(_unpack_sf.o)
                              /usr/lib/gcc/avr/4.3.3/avr5/libgcc.a(_addsub_sf.o) (__unpack_f)
/usr/lib/gcc/avr/4.3.3/avr5/libgcc.a(_fpcmp_parts_sf.o)
                              /usr/lib/gcc/avr/4.3.3/avr5/libgcc.a(_ge_sf.o) (__fpcmp_parts_f)
/usr/lib/gcc/avr/4.3.3/avr5/libgcc.a(_clz.o)
                              /usr/lib/gcc/avr/4.3.3/avr5/libgcc.a(_clzsi2.o) (__clz_tab)
/usr/lib/gcc/avr/4.3.3/../../../avr/lib/avr5/libc.a(random.o)
                              ./WMath.o (random)
/usr/lib/gcc/avr/4.3.3/../../../avr/lib/avr5/libc.a(fdevopen.o)
                              ./communication.o (fdevopen)
/usr/lib/gcc/avr/4.3.3/../../../avr/lib/avr5/libc.a(fprintf.o)
                              ./main.o (fprintf)
/usr/lib/gcc/avr/4.3.3/../../../avr/lib/avr5/libc.a(iob.o)
                              /usr/lib/gcc/avr/4.3.3/../../../avr/lib/avr5/libc.a(fdevopen.o) (__iob)
/usr/lib/gcc/avr/4.3.3/../../../avr/lib/avr5/libc.a(sscanf.o)
                              ./main.o (sscanf)
/usr/lib/gcc/avr/4.3.3/../../../avr/lib/avr5/libc.a(vfprintf_std.o)
                              /usr/lib/gcc/avr/4.3.3/../../../avr/lib/avr5/libc.a(fprintf.o) (vfprintf)
/usr/lib/gcc/avr/4.3.3/../../../avr/lib/avr5/libc.a(vfscanf_std.o)
                              /usr/lib/gcc/avr/4.3.3/../../../avr/lib/avr5/libc.a(sscanf.o) (vfscanf)
/usr/lib/gcc/avr/4.3.3/../../../avr/lib/avr5/libc.a(calloc.o)
                              /usr/lib/gcc/avr/4.3.3/../../../avr/lib/avr5/libc.a(fdevopen.o) (calloc)
/usr/lib/gcc/avr/4.3.3/../../../avr/lib/avr5/libc.a(malloc.o)
                              /usr/lib/gcc/avr/4.3.3/../../../avr/lib/avr5/libc.a(calloc.o) (malloc)
/usr/lib/gcc/avr/4.3.3/../../../avr/lib/avr5/libc.a(isspace.o)
                              /usr/lib/gcc/avr/4.3.3/../../../avr/lib/avr5/libc.a(vfscanf_std.o) (isspace)
/usr/lib/gcc/avr/4.3.3/../../../avr/lib/avr5/libc.a(strchr_P.o)
                              /usr/lib/gcc/avr/4.3.3/../../../avr/lib/avr5/libc.a(vfscanf_std.o) (strchr_P)
/usr/lib/gcc/avr/4.3.3/../../../avr/lib/avr5/libc.a(strnlen_P.o)
                              /usr/lib/gcc/avr/4.3.3/../../../avr/lib/avr5/libc.a(vfprintf_std.o) (strnlen_P)
/usr/lib/gcc/avr/4.3.3/../../../avr/lib/avr5/libc.a(memset.o)
                              /usr/lib/gcc/avr/4.3.3/../../../avr/lib/avr5/libc.a(calloc.o) (memset)
/usr/lib/gcc/avr/4.3.3/../../../avr/lib/avr5/libc.a(strnlen.o)
                              /usr/lib/gcc/avr/4.3.3/../../../avr/lib/avr5/libc.a(vfprintf_std.o) (strnlen)
/usr/lib/gcc/avr/4.3.3/../../../avr/lib/avr5/libc.a(fgetc.o)
                              /usr/lib/gcc/avr/4.3.3/../../../avr/lib/avr5/libc.a(vfscanf_std.o) (fgetc)
/usr/lib/gcc/avr/4.3.3/../../../avr/lib/avr5/libc.a(fputc.o)
                              /usr/lib/gcc/avr/4.3.3/../../../avr/lib/avr5/libc.a(vfprintf_std.o) (fputc)
/usr/lib/gcc/avr/4.3.3/../../../avr/lib/avr5/libc.a(ungetc.o)
                              /usr/lib/gcc/avr/4.3.3/../../../avr/lib/avr5/libc.a(vfscanf_std.o) (ungetc)
/usr/lib/gcc/avr/4.3.3/../../../avr/lib/avr5/libc.a(ultoa_invert.o)
                              /usr/lib/gcc/avr/4.3.3/../../../avr/lib/avr5/libc.a(vfprintf_std.o) (__ultoa_invert)
/usr/lib/gcc/avr/4.3.3/../../../avr/lib/avr5/libc.a(cty_isfalse.o)
                              /usr/lib/gcc/avr/4.3.3/../../../avr/lib/avr5/libc.a(isspace.o) (__ctype_isfalse)

Allocating common symbols
Common symbol       size              file

__brkval            0x2               /usr/lib/gcc/avr/4.3.3/../../../avr/lib/avr5/libc.a(malloc.o)
__flp               0x2               /usr/lib/gcc/avr/4.3.3/../../../avr/lib/avr5/libc.a(malloc.o)
__iob               0x6               /usr/lib/gcc/avr/4.3.3/../../../avr/lib/avr5/libc.a(iob.o)

Memory Configuration

Name             Origin             Length             Attributes
text             0x00000000         0x00020000         xr
data             0x00800060         0x0000ffa0         rw !x
eeprom           0x00810000         0x00010000         rw !x
fuse             0x00820000         0x00000400         rw !x
lock             0x00830000         0x00000400         rw !x
signature        0x00840000         0x00000400         rw !x
*default*        0x00000000         0xffffffff

Linker script and memory map

Address of section .data set to 0x800100
LOAD /usr/lib/gcc/avr/4.3.3/../../../avr/lib/avr5/crtm328p.o
LOAD ./Encoder.o
LOAD ./HardwareSerial.o
LOAD ./Print.o
LOAD ./WInterrupts.o
LOAD ./WMath.o
LOAD ./communication.o
LOAD ./global.o
LOAD ./main.o
LOAD ./motorcontrol.o
LOAD ./pins_arduino.o
LOAD ./pwm.o
LOAD ./robot.o
LOAD ./wiring.o
LOAD ./wiring_analog.o
LOAD ./wiring_digital.o
LOAD ./wiring_pulse.o
LOAD ./wiring_shift.o
LOAD /usr/lib/gcc/avr/4.3.3/avr5/libgcc.a
LOAD /usr/lib/gcc/avr/4.3.3/../../../avr/lib/avr5/libm.a
LOAD /usr/lib/gcc/avr/4.3.3/avr5/libgcc.a
LOAD /usr/lib/gcc/avr/4.3.3/../../../avr/lib/avr5/libc.a
LOAD /usr/lib/gcc/avr/4.3.3/avr5/libgcc.a

.hash
 *(.hash)

.dynsym
 *(.dynsym)

.dynstr
 *(.dynstr)

.gnu.version
 *(.gnu.version)

.gnu.version_d
 *(.gnu.version_d)

.gnu.version_r
 *(.gnu.version_r)

.rel.init
 *(.rel.init)

.rela.init
 *(.rela.init)

.rel.text
 *(.rel.text)
 *(.rel.text.*)
 *(.rel.gnu.linkonce.t*)

.rela.text
 *(.rela.text)
 *(.rela.text.*)
 *(.rela.gnu.linkonce.t*)

.rel.fini
 *(.rel.fini)

.rela.fini
 *(.rela.fini)

.rel.rodata
 *(.rel.rodata)
 *(.rel.rodata.*)
 *(.rel.gnu.linkonce.r*)

.rela.rodata
 *(.rela.rodata)
 *(.rela.rodata.*)
 *(.rela.gnu.linkonce.r*)

.rel.data
 *(.rel.data)
 *(.rel.data.*)
 *(.rel.gnu.linkonce.d*)

.rela.data
 *(.rela.data)
 *(.rela.data.*)
 *(.rela.gnu.linkonce.d*)

.rel.ctors
 *(.rel.ctors)

.rela.ctors
 *(.rela.ctors)

.rel.dtors
 *(.rel.dtors)

.rela.dtors
 *(.rela.dtors)

.rel.got
 *(.rel.got)

.rela.got
 *(.rela.got)

.rel.bss
 *(.rel.bss)

.rela.bss
 *(.rela.bss)

.rel.plt
 *(.rel.plt)

.rela.plt
 *(.rela.plt)

.text           0x00000000     0x3c20
 *(.vectors)
 .vectors       0x00000000       0x68 /usr/lib/gcc/avr/4.3.3/../../../avr/lib/avr5/crtm328p.o
                0x00000000                __vectors
                0x00000000                __vector_default
 *(.vectors)
 *(.progmem.gcc*)
 *(.progmem*)
 .progmem.data  0x00000068       0x5a ./pins_arduino.o
                0x00000068                port_to_mode_PGM
                0x00000086                digital_pin_to_port_PGM
                0x0000009a                digital_pin_to_bit_mask_PGM
                0x00000072                port_to_output_PGM
                0x0000007c                port_to_input_PGM
                0x000000ae                digital_pin_to_timer_PGM
 .progmem.data  0x000000c2        0xc /usr/lib/gcc/avr/4.3.3/../../../avr/lib/avr5/libc.a(vfscanf_std.o)
                0x000000ce                . = ALIGN (0x2)
                0x000000ce                __trampolines_start = .
 *(.trampolines)
 .trampolines   0x000000ce        0x0 linker stubs
 *(.trampolines*)
                0x000000ce                __trampolines_end = .
 *(.jumptables)
 *(.jumptables*)
 *(.lowtext)
 *(.lowtext*)
                0x000000ce                __ctors_start = .
 *(.ctors)
 .ctors         0x000000ce        0x2 ./HardwareSerial.o
 .ctors         0x000000d0        0x2 ./robot.o
                0x000000d2                __ctors_end = .
                0x000000d2                __dtors_start = .
 *(.dtors)
 .dtors         0x000000d2        0x2 ./robot.o
                0x000000d4                __dtors_end = .
 SORT(*)(.ctors)
 SORT(*)(.dtors)
 *(.init0)
 .init0         0x000000d4        0x0 /usr/lib/gcc/avr/4.3.3/../../../avr/lib/avr5/crtm328p.o
                0x000000d4                __init
 *(.init0)
 *(.init1)
 *(.init1)
 *(.init2)
 .init2         0x000000d4        0xc /usr/lib/gcc/avr/4.3.3/../../../avr/lib/avr5/crtm328p.o
 *(.init2)
 *(.init3)
 *(.init3)
 *(.init4)
 .init4         0x000000e0       0x16 /usr/lib/gcc/avr/4.3.3/avr5/libgcc.a(_copy_data.o)
                0x000000e0                __do_copy_data
 .init4         0x000000f6       0x10 /usr/lib/gcc/avr/4.3.3/avr5/libgcc.a(_clear_bss.o)
                0x000000f6                __do_clear_bss
 *(.init4)
 *(.init5)
 *(.init5)
 *(.init6)
 .init6         0x00000106       0x16 /usr/lib/gcc/avr/4.3.3/avr5/libgcc.a(_ctors.o)
                0x00000106                __do_global_ctors
 *(.init6)
 *(.init7)
 *(.init7)
 *(.init8)
 *(.init8)
 *(.init9)
 .init9         0x0000011c        0x8 /usr/lib/gcc/avr/4.3.3/../../../avr/lib/avr5/crtm328p.o
 *(.init9)
 *(.text)
 .text          0x00000124        0x4 /usr/lib/gcc/avr/4.3.3/../../../avr/lib/avr5/crtm328p.o
                0x00000124                __vector_22
                0x00000124                __vector_24
                0x00000124                __vector_12
                0x00000124                __bad_interrupt
                0x00000124                __vector_6
                0x00000124                __vector_3
                0x00000124                __vector_23
                0x00000124                __vector_25
                0x00000124                __vector_11
                0x00000124                __vector_13
                0x00000124                __vector_17
                0x00000124                __vector_19
                0x00000124                __vector_7
                0x00000124                __vector_4
                0x00000124                __vector_21
                0x00000124                __vector_15
                0x00000124                __vector_8
                0x00000124                __vector_14
                0x00000124                __vector_10
                0x00000124                __vector_20
 .text          0x00000128       0xa8 ./Encoder.o
                0x00000138                Encoder::clearCount()
                0x00000128                Encoder::Encoder()
                0x00000140                Encoder::update(char, char)
                0x00000130                Encoder::Encoder()
                0x000001cc                Encoder::~Encoder()
                0x000001c4                Encoder::count()
                0x000001ce                Encoder::~Encoder()
 .text          0x000001d0      0x446 ./HardwareSerial.o
                0x000004ec                HardwareSerial::available()
                0x0000057c                HardwareSerial::write(unsigned char)
                0x0000030a                HardwareSerial::begin(long)
                0x00000564                HardwareSerial::flush()
                0x000002aa                HardwareSerial::HardwareSerial(ring_buffer*, unsigned char volatile*, unsigned char volatile*, unsigned char volatile*, unsigned char volatile*, unsigned char volatile*, unsigned char, unsigned char, unsigned char, unsigned char, unsigned char)
                0x0000024a                HardwareSerial::HardwareSerial(ring_buffer*, unsigned char volatile*, unsigned char volatile*, unsigned char volatile*, unsigned char volatile*, unsigned char volatile*, unsigned char, unsigned char, unsigned char, unsigned char, unsigned char)
                0x00000514                HardwareSerial::read()
                0x000001d0                __vector_18
 .text          0x00000616      0x498 ./Print.o
                0x000006b4                Print::println()
                0x00000886                Print::print(unsigned int)
                0x00000a90                Print::print(double)
                0x00000738                Print::printNumber(unsigned long, unsigned char)
                0x00000646                Print::write(unsigned char const*, unsigned int)
                0x00000870                Print::println(unsigned long)
                0x00000912                Print::print(int)
                0x000006e2                Print::println(char)
                0x00000616                Print::write(char const*)
                0x00000982                Print::printFloat(double, unsigned char)
                0x00000718                Print::println(unsigned char)
                0x00000684                Print::print(unsigned char)
                0x00000868                Print::print(unsigned long)
                0x00000702                Print::println(char const*)
                0x00000694                Print::print(char)
                0x00000922                Print::println(int)
                0x00000a98                Print::println(double)
                0x000008fc                Print::println(long)
                0x000006a4                Print::print(char const*)
                0x000008ae                Print::print(long)
                0x0000096c                Print::println(long, int)
                0x00000942                Print::print(long, int)
                0x00000892                Print::println(unsigned int)
 .text          0x00000aae      0x120 ./WInterrupts.o
                0x00000b1a                __vector_1
                0x00000aae                attachInterrupt
                0x00000af4                detachInterrupt
                0x00000b74                __vector_2
 .text          0x00000bce      0x132 ./WMath.o
                0x00000c62                makeWord(unsigned char, unsigned char)
                0x00000cb4                random(long, long)
                0x00000cf0                randomSeed(unsigned int)
                0x00000bce                map(long, long, long, long, long)
                0x00000c60                makeWord(unsigned int)
                0x00000c70                random(long)
 .text          0x00000d00       0xd6 ./communication.o
                0x00000d4a                messageAvailable()
                0x00000d34                readChar(__file*)
                0x00000d0e                initCom()
                0x00000dc6                writeChar(char, __file*)
                0x00000d00                getMessage()
 .text          0x00000dd6        0x4 ./global.o
                0x00000dd6                __cxa_pure_virtual
 .text          0x00000dda      0x364 ./main.o
                0x00000dda                main
 .text          0x0000113e      0x10a ./motorcontrol.o
                0x000011c2                initMotor2
                0x0000115c                motor2Reverse
                0x00001212                motor1SetSpeed
                0x000011d4                initMotor1
                0x00001174                motor2Forward
                0x000011fa                motor1Forward
                0x0000113e                limitSpeedMax
                0x000011e2                motor1Reverse
                0x0000118c                motor2SetSpeed
 .text          0x00001248        0x0 ./pins_arduino.o
 .text          0x00001248       0x80 ./pwm.o
                0x0000128a                nonInvertPWM1
                0x000012a8                nonInvertPWM2
                0x00001296                invertPWM2
                0x000012be                dutyCyclePWM2
                0x00001248                initPWM
                0x000012b4                dutyCyclePWM1
                0x00001278                invertPWM1
 .text          0x000012c8      0x4e8 ./robot.o
                0x000012c8                initEncoders()
                0x00001476                initSpeedControl()
                0x00001788                RobotInit()
                0x0000171a                __vector_5
                0x000012e4                setLeftMotorSpeed(int)
                0x000014fc                __vector_9
                0x000013f6                setMovement(int)
                0x0000133a                setRightMotorSpeed(int)
                0x00001438                stop()
 .text          0x000017b0      0x1e6 ./wiring.o
                0x00001922                init
                0x0000185c                micros
                0x000018b2                delay
                0x000017b0                __vector_16
                0x00001840                millis
                0x00001906                delayMicroseconds
 .text          0x00001996       0xf4 ./wiring_analog.o
                0x000019d8                analogWrite
                0x00001996                analogReference
                0x0000199c                analogRead
 .text          0x00001a8a      0x178 ./wiring_digital.o
                0x00001b64                digitalRead
                0x00001aca                digitalWrite
                0x00001a8a                pinMode
 .text          0x00001c02      0x102 ./wiring_pulse.o
                0x00001c02                pulseIn
 .text          0x00001d04       0x82 ./wiring_shift.o
                0x00001d04                shiftOut
 .text          0x00001d86        0x0 /usr/lib/gcc/avr/4.3.3/avr5/libgcc.a(_mulsi3.o)
 .text          0x00001d86        0x0 /usr/lib/gcc/avr/4.3.3/avr5/libgcc.a(_divmodhi4.o)
 .text          0x00001d86        0x0 /usr/lib/gcc/avr/4.3.3/avr5/libgcc.a(_udivmodsi4.o)
 .text          0x00001d86        0x0 /usr/lib/gcc/avr/4.3.3/avr5/libgcc.a(_divmodsi4.o)
 .text          0x00001d86        0x0 /usr/lib/gcc/avr/4.3.3/avr5/libgcc.a(_exit.o)
 .text          0x00001d86        0x0 /usr/lib/gcc/avr/4.3.3/avr5/libgcc.a(_copy_data.o)
 .text          0x00001d86        0x0 /usr/lib/gcc/avr/4.3.3/avr5/libgcc.a(_clear_bss.o)
 .text          0x00001d86        0x0 /usr/lib/gcc/avr/4.3.3/avr5/libgcc.a(_ctors.o)
 .text          0x00001d86        0x0 /usr/lib/gcc/avr/4.3.3/avr5/libgcc.a(_dtors.o)
 .text          0x00001d86       0x58 /usr/lib/gcc/avr/4.3.3/avr5/libgcc.a(_fixunssfsi.o)
                0x00001d86                __fixunssfsi
 .text          0x00001dde      0x354 /usr/lib/gcc/avr/4.3.3/avr5/libgcc.a(_addsub_sf.o)
                0x00002076                __subsf3
                0x000020d8                __addsf3
 .text          0x00002132      0x1f4 /usr/lib/gcc/avr/4.3.3/avr5/libgcc.a(_mul_sf.o)
                0x00002132                __mulsf3
 .text          0x00002326      0x158 /usr/lib/gcc/avr/4.3.3/avr5/libgcc.a(_div_sf.o)
                0x00002326                __divsf3
 .text          0x0000247e       0x60 /usr/lib/gcc/avr/4.3.3/avr5/libgcc.a(_ge_sf.o)
                0x0000247e                __gesf2
 .text          0x000024de       0x60 /usr/lib/gcc/avr/4.3.3/avr5/libgcc.a(_lt_sf.o)
                0x000024de                __ltsf2
 .text          0x0000253e       0xbc /usr/lib/gcc/avr/4.3.3/avr5/libgcc.a(_si_to_sf.o)
                0x0000253e                __floatsisf
 .text          0x000025fa       0xa8 /usr/lib/gcc/avr/4.3.3/avr5/libgcc.a(_sf_to_si.o)
                0x000025fa                __fixsfsi
 .text          0x000026a2        0x0 /usr/lib/gcc/avr/4.3.3/avr5/libgcc.a(_thenan_sf.o)
 .text          0x000026a2       0xf2 /usr/lib/gcc/avr/4.3.3/avr5/libgcc.a(_usi_to_sf.o)
                0x000026a2                __floatunsisf
 .text          0x00002794        0x0 /usr/lib/gcc/avr/4.3.3/avr5/libgcc.a(_udivmodhi4.o)
 .text          0x00002794        0x0 /usr/lib/gcc/avr/4.3.3/avr5/libgcc.a(_prologue.o)
 .text          0x00002794        0x0 /usr/lib/gcc/avr/4.3.3/avr5/libgcc.a(_epilogue.o)
 .text          0x00002794        0x0 /usr/lib/gcc/avr/4.3.3/avr5/libgcc.a(_tablejump.o)
 .text          0x00002794       0x9e /usr/lib/gcc/avr/4.3.3/avr5/libgcc.a(_clzsi2.o)
                0x00002794                __clzsi2
 .text          0x00002832      0x1aa /usr/lib/gcc/avr/4.3.3/avr5/libgcc.a(_pack_sf.o)
                0x00002832                __pack_f
 .text          0x000029dc       0xf0 /usr/lib/gcc/avr/4.3.3/avr5/libgcc.a(_unpack_sf.o)
                0x000029dc                __unpack_f
 .text          0x00002acc       0xb2 /usr/lib/gcc/avr/4.3.3/avr5/libgcc.a(_fpcmp_parts_sf.o)
                0x00002acc                __fpcmp_parts_f
 .text          0x00002b7e        0x0 /usr/lib/gcc/avr/4.3.3/avr5/libgcc.a(_clz.o)
 .text          0x00002b7e       0xc2 /usr/lib/gcc/avr/4.3.3/../../../avr/lib/avr5/libc.a(random.o)
                0x00002c24                random
                0x00002c1e                random_r
                0x00002c2e                srandom
 .text          0x00002c40       0x98 /usr/lib/gcc/avr/4.3.3/../../../avr/lib/avr5/libc.a(fdevopen.o)
                0x00002c40                fdevopen
 .text          0x00002cd8       0x28 /usr/lib/gcc/avr/4.3.3/../../../avr/lib/avr5/libc.a(fprintf.o)
                0x00002cd8                fprintf
 .text          0x00002d00        0x0 /usr/lib/gcc/avr/4.3.3/../../../avr/lib/avr5/libc.a(iob.o)
 .text          0x00002d00       0x34 /usr/lib/gcc/avr/4.3.3/../../../avr/lib/avr5/libc.a(sscanf.o)
                0x00002d00                sscanf
 .text          0x00002d34      0x3ba /usr/lib/gcc/avr/4.3.3/../../../avr/lib/avr5/libc.a(vfprintf_std.o)
                0x00002d34                vfprintf
 .text          0x000030ee      0x52a /usr/lib/gcc/avr/4.3.3/../../../avr/lib/avr5/libc.a(vfscanf_std.o)
                0x000033f6                vfscanf
 .text          0x00003618       0x38 /usr/lib/gcc/avr/4.3.3/../../../avr/lib/avr5/libc.a(calloc.o)
                0x00003618                calloc
 .text          0x00003650      0x204 /usr/lib/gcc/avr/4.3.3/../../../avr/lib/avr5/libc.a(malloc.o)
                0x00003650                malloc
                0x000037a4                free
 .text          0x00003854        0x0 /usr/lib/gcc/avr/4.3.3/../../../avr/lib/avr5/libc.a(isspace.o)
 .text          0x00003854       0x16 /usr/lib/gcc/avr/4.3.3/../../../avr/lib/avr5/libc.a(strchr_P.o)
                0x00003854                strchr_P
 .text          0x0000386a       0x16 /usr/lib/gcc/avr/4.3.3/../../../avr/lib/avr5/libc.a(strnlen_P.o)
                0x0000386a                strnlen_P
 .text          0x00003880        0xe /usr/lib/gcc/avr/4.3.3/../../../avr/lib/avr5/libc.a(memset.o)
                0x00003880                memset
 .text          0x0000388e       0x16 /usr/lib/gcc/avr/4.3.3/../../../avr/lib/avr5/libc.a(strnlen.o)
                0x0000388e                strnlen
 .text          0x000038a4       0x84 /usr/lib/gcc/avr/4.3.3/../../../avr/lib/avr5/libc.a(fgetc.o)
                0x000038a4                fgetc
 .text          0x00003928       0x58 /usr/lib/gcc/avr/4.3.3/../../../avr/lib/avr5/libc.a(fputc.o)
                0x00003928                fputc
 .text          0x00003980       0x34 /usr/lib/gcc/avr/4.3.3/../../../avr/lib/avr5/libc.a(ungetc.o)
                0x00003980                ungetc
 .text          0x000039b4       0xbc /usr/lib/gcc/avr/4.3.3/../../../avr/lib/avr5/libc.a(ultoa_invert.o)
                0x000039b4                __ultoa_invert
 .text          0x00003a70        0x0 /usr/lib/gcc/avr/4.3.3/../../../avr/lib/avr5/libc.a(cty_isfalse.o)
                0x00003a70                . = ALIGN (0x2)
 *(.text.*)
 .text.libgcc   0x00003a70       0x3e /usr/lib/gcc/avr/4.3.3/avr5/libgcc.a(_mulsi3.o)
                0x00003a70                __mulsi3
 .text.libgcc   0x00003aae       0x26 /usr/lib/gcc/avr/4.3.3/avr5/libgcc.a(_divmodhi4.o)
                0x00003aae                __divmodhi4
                0x00003aae                _div
 .text.libgcc   0x00003ad4       0x44 /usr/lib/gcc/avr/4.3.3/avr5/libgcc.a(_udivmodsi4.o)
                0x00003ad4                __udivmodsi4
 .text.libgcc   0x00003b18       0x36 /usr/lib/gcc/avr/4.3.3/avr5/libgcc.a(_divmodsi4.o)
                0x00003b18                __divmodsi4
 .text.libgcc   0x00003b4e        0x0 /usr/lib/gcc/avr/4.3.3/avr5/libgcc.a(_exit.o)
 .text.libgcc   0x00003b4e        0x0 /usr/lib/gcc/avr/4.3.3/avr5/libgcc.a(_copy_data.o)
 .text.libgcc   0x00003b4e        0x0 /usr/lib/gcc/avr/4.3.3/avr5/libgcc.a(_clear_bss.o)
 .text.libgcc   0x00003b4e        0x0 /usr/lib/gcc/avr/4.3.3/avr5/libgcc.a(_ctors.o)
 .text.libgcc   0x00003b4e        0x0 /usr/lib/gcc/avr/4.3.3/avr5/libgcc.a(_dtors.o)
 .text.libgcc   0x00003b4e       0x28 /usr/lib/gcc/avr/4.3.3/avr5/libgcc.a(_udivmodhi4.o)
                0x00003b4e                __udivmodhi4
 .text.libgcc   0x00003b76       0x38 /usr/lib/gcc/avr/4.3.3/avr5/libgcc.a(_prologue.o)
                0x00003b76                __prologue_saves__
 .text.libgcc   0x00003bae       0x36 /usr/lib/gcc/avr/4.3.3/avr5/libgcc.a(_epilogue.o)
                0x00003bae                __epilogue_restores__
 .text.libgcc   0x00003be4        0xc /usr/lib/gcc/avr/4.3.3/avr5/libgcc.a(_tablejump.o)
                0x00003be8                __tablejump__
                0x00003be4                __tablejump2__
 .text.ctype    0x00003bf0       0x10 /usr/lib/gcc/avr/4.3.3/../../../avr/lib/avr5/libc.a(isspace.o)
                0x00003bf0                isspace
 .text.ctype    0x00003c00        0x6 /usr/lib/gcc/avr/4.3.3/../../../avr/lib/avr5/libc.a(cty_isfalse.o)
                0x00003c04                __ctype_istrue
                0x00003c00                __ctype_isfalse
                0x00003c06                . = ALIGN (0x2)
 *(.fini9)
 .fini9         0x00003c06        0x0 /usr/lib/gcc/avr/4.3.3/avr5/libgcc.a(_exit.o)
                0x00003c06                exit
                0x00003c06                _exit
 *(.fini9)
 *(.fini8)
 *(.fini8)
 *(.fini7)
 *(.fini7)
 *(.fini6)
 .fini6         0x00003c06       0x16 /usr/lib/gcc/avr/4.3.3/avr5/libgcc.a(_dtors.o)
                0x00003c06                __do_global_dtors
 *(.fini6)
 *(.fini5)
 *(.fini5)
 *(.fini4)
 *(.fini4)
 *(.fini3)
 *(.fini3)
 *(.fini2)
 *(.fini2)
 *(.fini1)
 *(.fini1)
 *(.fini0)
 .fini0         0x00003c1c        0x4 /usr/lib/gcc/avr/4.3.3/avr5/libgcc.a(_exit.o)
 *(.fini0)
                0x00003c20                _etext = .

.data           0x00800100      0x150 load address 0x00003c20
                0x00800100                PROVIDE (__data_start, .)
 *(.data)
 .data          0x00800100        0x0 /usr/lib/gcc/avr/4.3.3/../../../avr/lib/avr5/crtm328p.o
 .data          0x00800100        0x0 ./Encoder.o
 .data          0x00800100        0xa ./HardwareSerial.o
                0x00800100                vtable for HardwareSerial
 .data          0x0080010a        0xc ./Print.o
                0x0080010c                vtable for Print
 .data          0x00800116        0x0 ./WInterrupts.o
 .data          0x00800116        0x0 ./WMath.o
 .data          0x00800116        0x0 ./communication.o
 .data          0x00800116        0x0 ./global.o
 .data          0x00800116       0x27 ./main.o
 .data          0x0080013d        0x0 ./motorcontrol.o
 .data          0x0080013d        0x0 ./pins_arduino.o
 .data          0x0080013d        0x0 ./pwm.o
 .data          0x0080013d        0x0 ./robot.o
 .data          0x0080013d        0x0 ./wiring.o
 .data          0x0080013d        0x1 ./wiring_analog.o
                0x0080013d                analog_reference
 .data          0x0080013e        0x0 ./wiring_digital.o
 .data          0x0080013e        0x0 ./wiring_pulse.o
 .data          0x0080013e        0x0 ./wiring_shift.o
 .data          0x0080013e        0x0 /usr/lib/gcc/avr/4.3.3/avr5/libgcc.a(_mulsi3.o)
 .data          0x0080013e        0x0 /usr/lib/gcc/avr/4.3.3/avr5/libgcc.a(_divmodhi4.o)
 .data          0x0080013e        0x0 /usr/lib/gcc/avr/4.3.3/avr5/libgcc.a(_udivmodsi4.o)
 .data          0x0080013e        0x0 /usr/lib/gcc/avr/4.3.3/avr5/libgcc.a(_divmodsi4.o)
 .data          0x0080013e        0x0 /usr/lib/gcc/avr/4.3.3/avr5/libgcc.a(_exit.o)
 .data          0x0080013e        0x0 /usr/lib/gcc/avr/4.3.3/avr5/libgcc.a(_copy_data.o)
 .data          0x0080013e        0x0 /usr/lib/gcc/avr/4.3.3/avr5/libgcc.a(_clear_bss.o)
 .data          0x0080013e        0x0 /usr/lib/gcc/avr/4.3.3/avr5/libgcc.a(_ctors.o)
 .data          0x0080013e        0x0 /usr/lib/gcc/avr/4.3.3/avr5/libgcc.a(_dtors.o)
 .data          0x0080013e        0x0 /usr/lib/gcc/avr/4.3.3/avr5/libgcc.a(_fixunssfsi.o)
 .data          0x0080013e        0x0 /usr/lib/gcc/avr/4.3.3/avr5/libgcc.a(_addsub_sf.o)
 .data          0x0080013e        0x0 /usr/lib/gcc/avr/4.3.3/avr5/libgcc.a(_mul_sf.o)
 .data          0x0080013e        0x0 /usr/lib/gcc/avr/4.3.3/avr5/libgcc.a(_div_sf.o)
 .data          0x0080013e        0x0 /usr/lib/gcc/avr/4.3.3/avr5/libgcc.a(_ge_sf.o)
 .data          0x0080013e        0x0 /usr/lib/gcc/avr/4.3.3/avr5/libgcc.a(_lt_sf.o)
 .data          0x0080013e        0x0 /usr/lib/gcc/avr/4.3.3/avr5/libgcc.a(_si_to_sf.o)
 .data          0x0080013e        0x0 /usr/lib/gcc/avr/4.3.3/avr5/libgcc.a(_sf_to_si.o)
 .data          0x0080013e        0x8 /usr/lib/gcc/avr/4.3.3/avr5/libgcc.a(_thenan_sf.o)
                0x0080013e                __thenan_sf
 .data          0x00800146        0x0 /usr/lib/gcc/avr/4.3.3/avr5/libgcc.a(_usi_to_sf.o)
 .data          0x00800146        0x0 /usr/lib/gcc/avr/4.3.3/avr5/libgcc.a(_udivmodhi4.o)
 .data          0x00800146        0x0 /usr/lib/gcc/avr/4.3.3/avr5/libgcc.a(_prologue.o)
 .data          0x00800146        0x0 /usr/lib/gcc/avr/4.3.3/avr5/libgcc.a(_epilogue.o)
 .data          0x00800146        0x0 /usr/lib/gcc/avr/4.3.3/avr5/libgcc.a(_tablejump.o)
 .data          0x00800146        0x0 /usr/lib/gcc/avr/4.3.3/avr5/libgcc.a(_clzsi2.o)
 .data          0x00800146        0x0 /usr/lib/gcc/avr/4.3.3/avr5/libgcc.a(_pack_sf.o)
 .data          0x00800146        0x0 /usr/lib/gcc/avr/4.3.3/avr5/libgcc.a(_unpack_sf.o)
 .data          0x00800146        0x0 /usr/lib/gcc/avr/4.3.3/avr5/libgcc.a(_fpcmp_parts_sf.o)
 .data          0x00800146      0x100 /usr/lib/gcc/avr/4.3.3/avr5/libgcc.a(_clz.o)
                0x00800146                __clz_tab
 .data          0x00800246        0x4 /usr/lib/gcc/avr/4.3.3/../../../avr/lib/avr5/libc.a(random.o)
 .data          0x0080024a        0x0 /usr/lib/gcc/avr/4.3.3/../../../avr/lib/avr5/libc.a(fdevopen.o)
 .data          0x0080024a        0x0 /usr/lib/gcc/avr/4.3.3/../../../avr/lib/avr5/libc.a(fprintf.o)
 .data          0x0080024a        0x0 /usr/lib/gcc/avr/4.3.3/../../../avr/lib/avr5/libc.a(iob.o)
 .data          0x0080024a        0x0 /usr/lib/gcc/avr/4.3.3/../../../avr/lib/avr5/libc.a(sscanf.o)
 .data          0x0080024a        0x0 /usr/lib/gcc/avr/4.3.3/../../../avr/lib/avr5/libc.a(vfprintf_std.o)
 .data          0x0080024a        0x0 /usr/lib/gcc/avr/4.3.3/../../../avr/lib/avr5/libc.a(vfscanf_std.o)
 .data          0x0080024a        0x0 /usr/lib/gcc/avr/4.3.3/../../../avr/lib/avr5/libc.a(calloc.o)
 .data          0x0080024a        0x6 /usr/lib/gcc/avr/4.3.3/../../../avr/lib/avr5/libc.a(malloc.o)
                0x0080024c                __malloc_heap_start
                0x0080024e                __malloc_heap_end
                0x0080024a                __malloc_margin
 .data          0x00800250        0x0 /usr/lib/gcc/avr/4.3.3/../../../avr/lib/avr5/libc.a(isspace.o)
 .data          0x00800250        0x0 /usr/lib/gcc/avr/4.3.3/../../../avr/lib/avr5/libc.a(strchr_P.o)
 .data          0x00800250        0x0 /usr/lib/gcc/avr/4.3.3/../../../avr/lib/avr5/libc.a(strnlen_P.o)
 .data          0x00800250        0x0 /usr/lib/gcc/avr/4.3.3/../../../avr/lib/avr5/libc.a(memset.o)
 .data          0x00800250        0x0 /usr/lib/gcc/avr/4.3.3/../../../avr/lib/avr5/libc.a(strnlen.o)
 .data          0x00800250        0x0 /usr/lib/gcc/avr/4.3.3/../../../avr/lib/avr5/libc.a(fgetc.o)
 .data          0x00800250        0x0 /usr/lib/gcc/avr/4.3.3/../../../avr/lib/avr5/libc.a(fputc.o)
 .data          0x00800250        0x0 /usr/lib/gcc/avr/4.3.3/../../../avr/lib/avr5/libc.a(ungetc.o)
 .data          0x00800250        0x0 /usr/lib/gcc/avr/4.3.3/../../../avr/lib/avr5/libc.a(ultoa_invert.o)
 .data          0x00800250        0x0 /usr/lib/gcc/avr/4.3.3/../../../avr/lib/avr5/libc.a(cty_isfalse.o)
 *(.data*)
 *(.rodata)
 *(.rodata*)
 *(.gnu.linkonce.d*)
                0x00800250                . = ALIGN (0x2)
                0x00800250                _edata = .
                0x00800250                PROVIDE (__data_end, .)

.bss            0x00800250      0x15b load address 0x00003d70
                0x00800250                PROVIDE (__bss_start, .)
 *(.bss)
 .bss           0x00800250        0x0 /usr/lib/gcc/avr/4.3.3/../../../avr/lib/avr5/crtm328p.o
 .bss           0x00800250        0x0 ./Encoder.o
 .bss           0x00800250       0x97 ./HardwareSerial.o
                0x00800250                rx_buffer
                0x008002d4                Serial
 .bss           0x008002e7        0x0 ./Print.o
 .bss           0x008002e7        0x4 ./WInterrupts.o
 .bss           0x008002eb        0x0 ./WMath.o
 .bss           0x008002eb       0x6a ./communication.o
                0x00800351                messageIndex
                0x00800353                messageDone
                0x008002ed                message
                0x008002eb                uart
 .bss           0x00800355        0x0 ./global.o
 .bss           0x00800355        0x0 ./main.o
 .bss           0x00800355        0x0 ./motorcontrol.o
 .bss           0x00800355        0x0 ./pins_arduino.o
 .bss           0x00800355        0x0 ./pwm.o
 .bss           0x00800355       0x43 ./robot.o
                0x00800392                encoder
                0x00800355                Robot
 .bss           0x00800398        0x9 ./wiring.o
                0x00800398                timer0_overflow_count
                0x0080039c                timer0_millis
 .bss           0x008003a1        0x0 ./wiring_analog.o
 .bss           0x008003a1        0x0 ./wiring_digital.o
 .bss           0x008003a1        0x0 ./wiring_pulse.o
 .bss           0x008003a1        0x0 ./wiring_shift.o
 .bss           0x008003a1        0x0 /usr/lib/gcc/avr/4.3.3/avr5/libgcc.a(_mulsi3.o)
 .bss           0x008003a1        0x0 /usr/lib/gcc/avr/4.3.3/avr5/libgcc.a(_divmodhi4.o)
 .bss           0x008003a1        0x0 /usr/lib/gcc/avr/4.3.3/avr5/libgcc.a(_udivmodsi4.o)
 .bss           0x008003a1        0x0 /usr/lib/gcc/avr/4.3.3/avr5/libgcc.a(_divmodsi4.o)
 .bss           0x008003a1        0x0 /usr/lib/gcc/avr/4.3.3/avr5/libgcc.a(_exit.o)
 .bss           0x008003a1        0x0 /usr/lib/gcc/avr/4.3.3/avr5/libgcc.a(_copy_data.o)
 .bss           0x008003a1        0x0 /usr/lib/gcc/avr/4.3.3/avr5/libgcc.a(_clear_bss.o)
 .bss           0x008003a1        0x0 /usr/lib/gcc/avr/4.3.3/avr5/libgcc.a(_ctors.o)
 .bss           0x008003a1        0x0 /usr/lib/gcc/avr/4.3.3/avr5/libgcc.a(_dtors.o)
 .bss           0x008003a1        0x0 /usr/lib/gcc/avr/4.3.3/avr5/libgcc.a(_fixunssfsi.o)
 .bss           0x008003a1        0x0 /usr/lib/gcc/avr/4.3.3/avr5/libgcc.a(_addsub_sf.o)
 .bss           0x008003a1        0x0 /usr/lib/gcc/avr/4.3.3/avr5/libgcc.a(_mul_sf.o)
 .bss           0x008003a1        0x0 /usr/lib/gcc/avr/4.3.3/avr5/libgcc.a(_div_sf.o)
 .bss           0x008003a1        0x0 /usr/lib/gcc/avr/4.3.3/avr5/libgcc.a(_ge_sf.o)
 .bss           0x008003a1        0x0 /usr/lib/gcc/avr/4.3.3/avr5/libgcc.a(_lt_sf.o)
 .bss           0x008003a1        0x0 /usr/lib/gcc/avr/4.3.3/avr5/libgcc.a(_si_to_sf.o)
 .bss           0x008003a1        0x0 /usr/lib/gcc/avr/4.3.3/avr5/libgcc.a(_sf_to_si.o)
 .bss           0x008003a1        0x0 /usr/lib/gcc/avr/4.3.3/avr5/libgcc.a(_thenan_sf.o)
 .bss           0x008003a1        0x0 /usr/lib/gcc/avr/4.3.3/avr5/libgcc.a(_usi_to_sf.o)
 .bss           0x008003a1        0x0 /usr/lib/gcc/avr/4.3.3/avr5/libgcc.a(_udivmodhi4.o)
 .bss           0x008003a1        0x0 /usr/lib/gcc/avr/4.3.3/avr5/libgcc.a(_prologue.o)
 .bss           0x008003a1        0x0 /usr/lib/gcc/avr/4.3.3/avr5/libgcc.a(_epilogue.o)
 .bss           0x008003a1        0x0 /usr/lib/gcc/avr/4.3.3/avr5/libgcc.a(_tablejump.o)
 .bss           0x008003a1        0x0 /usr/lib/gcc/avr/4.3.3/avr5/libgcc.a(_clzsi2.o)
 .bss           0x008003a1        0x0 /usr/lib/gcc/avr/4.3.3/avr5/libgcc.a(_pack_sf.o)
 .bss           0x008003a1        0x0 /usr/lib/gcc/avr/4.3.3/avr5/libgcc.a(_unpack_sf.o)
 .bss           0x008003a1        0x0 /usr/lib/gcc/avr/4.3.3/avr5/libgcc.a(_fpcmp_parts_sf.o)
 .bss           0x008003a1        0x0 /usr/lib/gcc/avr/4.3.3/avr5/libgcc.a(_clz.o)
 .bss           0x008003a1        0x0 /usr/lib/gcc/avr/4.3.3/../../../avr/lib/avr5/libc.a(random.o)
 .bss           0x008003a1        0x0 /usr/lib/gcc/avr/4.3.3/../../../avr/lib/avr5/libc.a(fdevopen.o)
 .bss           0x008003a1        0x0 /usr/lib/gcc/avr/4.3.3/../../../avr/lib/avr5/libc.a(fprintf.o)
 .bss           0x008003a1        0x0 /usr/lib/gcc/avr/4.3.3/../../../avr/lib/avr5/libc.a(iob.o)
 .bss           0x008003a1        0x0 /usr/lib/gcc/avr/4.3.3/../../../avr/lib/avr5/libc.a(sscanf.o)
 .bss           0x008003a1        0x0 /usr/lib/gcc/avr/4.3.3/../../../avr/lib/avr5/libc.a(vfprintf_std.o)
 .bss           0x008003a1        0x0 /usr/lib/gcc/avr/4.3.3/../../../avr/lib/avr5/libc.a(vfscanf_std.o)
 .bss           0x008003a1        0x0 /usr/lib/gcc/avr/4.3.3/../../../avr/lib/avr5/libc.a(calloc.o)
 .bss           0x008003a1        0x0 /usr/lib/gcc/avr/4.3.3/../../../avr/lib/avr5/libc.a(malloc.o)
 .bss           0x008003a1        0x0 /usr/lib/gcc/avr/4.3.3/../../../avr/lib/avr5/libc.a(isspace.o)
 .bss           0x008003a1        0x0 /usr/lib/gcc/avr/4.3.3/../../../avr/lib/avr5/libc.a(strchr_P.o)
 .bss           0x008003a1        0x0 /usr/lib/gcc/avr/4.3.3/../../../avr/lib/avr5/libc.a(strnlen_P.o)
 .bss           0x008003a1        0x0 /usr/lib/gcc/avr/4.3.3/../../../avr/lib/avr5/libc.a(memset.o)
 .bss           0x008003a1        0x0 /usr/lib/gcc/avr/4.3.3/../../../avr/lib/avr5/libc.a(strnlen.o)
 .bss           0x008003a1        0x0 /usr/lib/gcc/avr/4.3.3/../../../avr/lib/avr5/libc.a(fgetc.o)
 .bss           0x008003a1        0x0 /usr/lib/gcc/avr/4.3.3/../../../avr/lib/avr5/libc.a(fputc.o)
 .bss           0x008003a1        0x0 /usr/lib/gcc/avr/4.3.3/../../../avr/lib/avr5/libc.a(ungetc.o)
 .bss           0x008003a1        0x0 /usr/lib/gcc/avr/4.3.3/../../../avr/lib/avr5/libc.a(ultoa_invert.o)
 .bss           0x008003a1        0x0 /usr/lib/gcc/avr/4.3.3/../../../avr/lib/avr5/libc.a(cty_isfalse.o)
 *(.bss*)
 *(COMMON)
 COMMON         0x008003a1        0x6 /usr/lib/gcc/avr/4.3.3/../../../avr/lib/avr5/libc.a(iob.o)
                0x008003a1                __iob
 COMMON         0x008003a7        0x4 /usr/lib/gcc/avr/4.3.3/../../../avr/lib/avr5/libc.a(malloc.o)
                0x008003a7                __brkval
                0x008003a9                __flp
                0x008003ab                PROVIDE (__bss_end, .)
                0x00003c20                __data_load_start = LOADADDR (.data)
                0x00003d70                __data_load_end = (__data_load_start + SIZEOF (.data))

.noinit         0x008003ab        0x0
                0x008003ab                PROVIDE (__noinit_start, .)
 *(.noinit*)
                0x008003ab                PROVIDE (__noinit_end, .)
                0x008003ab                _end = .
                0x008003ab                PROVIDE (__heap_start, .)

.eeprom         0x00810000        0x0
 *(.eeprom*)
                0x00810000                __eeprom_end = .

.fuse
 *(.fuse)
 *(.lfuse)
 *(.hfuse)
 *(.efuse)

.lock
 *(.lock*)

.signature
 *(.signature*)

.stab           0x00000000     0x3c18
 *(.stab)
 .stab          0x00000000      0x6b4 /usr/lib/gcc/avr/4.3.3/../../../avr/lib/avr5/crtm328p.o
 .stab          0x000006b4      0x330 /usr/lib/gcc/avr/4.3.3/../../../avr/lib/avr5/libc.a(random.o)
                                0x33c (size before relaxing)
 .stab          0x000009e4      0x45c /usr/lib/gcc/avr/4.3.3/../../../avr/lib/avr5/libc.a(fdevopen.o)
                                0x498 (size before relaxing)
 .stab          0x00000e40      0x198 /usr/lib/gcc/avr/4.3.3/../../../avr/lib/avr5/libc.a(fprintf.o)
                                0x378 (size before relaxing)
 .stab          0x00000fd8      0x12c /usr/lib/gcc/avr/4.3.3/../../../avr/lib/avr5/libc.a(iob.o)
                                0x30c (size before relaxing)
 .stab          0x00001104      0x1e0 /usr/lib/gcc/avr/4.3.3/../../../avr/lib/avr5/libc.a(sscanf.o)
                                0x3c0 (size before relaxing)
 .stab          0x000012e4      0x930 /usr/lib/gcc/avr/4.3.3/../../../avr/lib/avr5/libc.a(vfprintf_std.o)
                                0xb58 (size before relaxing)
 .stab          0x00001c14      0xbe8 /usr/lib/gcc/avr/4.3.3/../../../avr/lib/avr5/libc.a(vfscanf_std.o)
                                0xe88 (size before relaxing)
 .stab          0x000027fc      0x174 /usr/lib/gcc/avr/4.3.3/../../../avr/lib/avr5/libc.a(calloc.o)
                                0x1d4 (size before relaxing)
 .stab          0x00002970      0x510 /usr/lib/gcc/avr/4.3.3/../../../avr/lib/avr5/libc.a(malloc.o)
                                0x6f0 (size before relaxing)
 .stab          0x00002e80       0x9c /usr/lib/gcc/avr/4.3.3/../../../avr/lib/avr5/libc.a(isspace.o)
                                 0xa8 (size before relaxing)
 .stab          0x00002f1c       0x9c /usr/lib/gcc/avr/4.3.3/../../../avr/lib/avr5/libc.a(strchr_P.o)
                                 0xa8 (size before relaxing)
 .stab          0x00002fb8       0x9c /usr/lib/gcc/avr/4.3.3/../../../avr/lib/avr5/libc.a(strnlen_P.o)
                                 0xa8 (size before relaxing)
 .stab          0x00003054       0x6c /usr/lib/gcc/avr/4.3.3/../../../avr/lib/avr5/libc.a(memset.o)
                                 0x78 (size before relaxing)
 .stab          0x000030c0       0x9c /usr/lib/gcc/avr/4.3.3/../../../avr/lib/avr5/libc.a(strnlen.o)
                                 0xa8 (size before relaxing)
 .stab          0x0000315c      0x24c /usr/lib/gcc/avr/4.3.3/../../../avr/lib/avr5/libc.a(fgetc.o)
                                0x42c (size before relaxing)
 .stab          0x000033a8      0x1d4 /usr/lib/gcc/avr/4.3.3/../../../avr/lib/avr5/libc.a(fputc.o)
                                0x3b4 (size before relaxing)
 .stab          0x0000357c      0x1bc /usr/lib/gcc/avr/4.3.3/../../../avr/lib/avr5/libc.a(ungetc.o)
                                0x39c (size before relaxing)
 .stab          0x00003738      0x480 /usr/lib/gcc/avr/4.3.3/../../../avr/lib/avr5/libc.a(ultoa_invert.o)
                                0x48c (size before relaxing)
 .stab          0x00003bb8       0x60 /usr/lib/gcc/avr/4.3.3/../../../avr/lib/avr5/libc.a(cty_isfalse.o)
                                 0x6c (size before relaxing)

.stabstr        0x00000000     0x136f
 *(.stabstr)
 .stabstr       0x00000000     0x136f /usr/lib/gcc/avr/4.3.3/../../../avr/lib/avr5/crtm328p.o

.stab.excl
 *(.stab.excl)

.stab.exclstr
 *(.stab.exclstr)

.stab.index
 *(.stab.index)

.stab.indexstr
 *(.stab.indexstr)

.comment
 *(.comment)

.debug
 *(.debug)

.line
 *(.line)

.debug_srcinfo
 *(.debug_srcinfo)

.debug_sfnames
 *(.debug_sfnames)

.debug_aranges
 *(.debug_aranges)

.debug_pubnames
 *(.debug_pubnames)

.debug_info
 *(.debug_info)
 *(.gnu.linkonce.wi.*)

.debug_abbrev
 *(.debug_abbrev)

.debug_line
 *(.debug_line)

.debug_frame
 *(.debug_frame)

.debug_str
 *(.debug_str)

.debug_loc
 *(.debug_loc)

.debug_macinfo
 *(.debug_macinfo)
OUTPUT(AIRobot_DriveSide.elf elf32-avr)
LOAD linker stubs

Cross Reference Table

Symbol                                            File
Encoder::Encoder()                                ./Encoder.o
Encoder::Encoder()                                ./Encoder.o
                                                  ./robot.o
Encoder::clearCount()                             ./Encoder.o
                                                  ./robot.o
                                                  ./main.o
Encoder::count()                                  ./Encoder.o
                                                  ./robot.o
                                                  ./main.o
Encoder::update(char, char)                       ./Encoder.o
                                                  ./robot.o
Encoder::~Encoder()                               ./Encoder.o
Encoder::~Encoder()                               ./Encoder.o
                                                  ./robot.o
HardwareSerial::HardwareSerial(ring_buffer*, unsigned char volatile*, unsigned char volatile*, unsigned char volatile*, unsigned char volatile*, unsigned char volatile*, unsigned char, unsigned char, unsigned char, unsigned char, unsigned char) ./HardwareSerial.o
HardwareSerial::HardwareSerial(ring_buffer*, unsigned char volatile*, unsigned char volatile*, unsigned char volatile*, unsigned char volatile*, unsigned char volatile*, unsigned char, unsigned char, unsigned char, unsigned char, unsigned char) ./HardwareSerial.o
HardwareSerial::available()                       ./HardwareSerial.o
                                                  ./communication.o
HardwareSerial::begin(long)                       ./HardwareSerial.o
                                                  ./main.o
HardwareSerial::flush()                           ./HardwareSerial.o
HardwareSerial::read()                            ./HardwareSerial.o
                                                  ./communication.o
HardwareSerial::write(unsigned char)              ./HardwareSerial.o
                                                  ./communication.o
Print::print(char const*)                         ./Print.o
Print::print(char)                                ./Print.o
Print::print(double)                              ./Print.o
Print::print(int)                                 ./Print.o
Print::print(long)                                ./Print.o
Print::print(long, int)                           ./Print.o
Print::print(unsigned char)                       ./Print.o
Print::print(unsigned int)                        ./Print.o
Print::print(unsigned long)                       ./Print.o
Print::printFloat(double, unsigned char)          ./Print.o
Print::printNumber(unsigned long, unsigned char)  ./Print.o
Print::println()                                  ./Print.o
Print::println(char const*)                       ./Print.o
Print::println(char)                              ./Print.o
Print::println(double)                            ./Print.o
Print::println(int)                               ./Print.o
Print::println(long)                              ./Print.o
Print::println(long, int)                         ./Print.o
Print::println(unsigned char)                     ./Print.o
Print::println(unsigned int)                      ./Print.o
Print::println(unsigned long)                     ./Print.o
Print::write(char const*)                         ./Print.o
                                                  ./HardwareSerial.o
Print::write(unsigned char const*, unsigned int)  ./Print.o
                                                  ./HardwareSerial.o
Robot                                             ./robot.o
                                                  ./main.o
RobotInit()                                       ./robot.o
                                                  ./main.o
Serial                                            ./HardwareSerial.o
                                                  ./main.o
                                                  ./communication.o
__addsf3                                          /usr/lib/gcc/avr/4.3.3/avr5/libgcc.a(_addsub_sf.o)
                                                  ./Print.o
__bad_interrupt                                   /usr/lib/gcc/avr/4.3.3/../../../avr/lib/avr5/crtm328p.o
__brkval                                          /usr/lib/gcc/avr/4.3.3/../../../avr/lib/avr5/libc.a(malloc.o)
__bss_end                                         /usr/lib/gcc/avr/4.3.3/avr5/libgcc.a(_clear_bss.o)
__bss_start                                       /usr/lib/gcc/avr/4.3.3/avr5/libgcc.a(_clear_bss.o)
__clz_tab                                         /usr/lib/gcc/avr/4.3.3/avr5/libgcc.a(_clz.o)
                                                  /usr/lib/gcc/avr/4.3.3/avr5/libgcc.a(_clzsi2.o)
__clzsi2                                          /usr/lib/gcc/avr/4.3.3/avr5/libgcc.a(_clzsi2.o)
                                                  /usr/lib/gcc/avr/4.3.3/avr5/libgcc.a(_usi_to_sf.o)
                                                  /usr/lib/gcc/avr/4.3.3/avr5/libgcc.a(_si_to_sf.o)
__ctors_end                                       /usr/lib/gcc/avr/4.3.3/avr5/libgcc.a(_ctors.o)
__ctors_start                                     /usr/lib/gcc/avr/4.3.3/avr5/libgcc.a(_ctors.o)
__ctype_isfalse                                   /usr/lib/gcc/avr/4.3.3/../../../avr/lib/avr5/libc.a(cty_isfalse.o)
                                                  /usr/lib/gcc/avr/4.3.3/../../../avr/lib/avr5/libc.a(isspace.o)
__ctype_istrue                                    /usr/lib/gcc/avr/4.3.3/../../../avr/lib/avr5/libc.a(cty_isfalse.o)
__cxa_pure_virtual                                ./global.o
                                                  ./Print.o
__data_end                                        /usr/lib/gcc/avr/4.3.3/avr5/libgcc.a(_copy_data.o)
__data_load_start                                 /usr/lib/gcc/avr/4.3.3/avr5/libgcc.a(_copy_data.o)
__data_start                                      /usr/lib/gcc/avr/4.3.3/avr5/libgcc.a(_copy_data.o)
__divmodhi4                                       /usr/lib/gcc/avr/4.3.3/avr5/libgcc.a(_divmodhi4.o)
                                                  ./HardwareSerial.o
__divmodsi4                                       /usr/lib/gcc/avr/4.3.3/avr5/libgcc.a(_divmodsi4.o)
                                                  /usr/lib/gcc/avr/4.3.3/../../../avr/lib/avr5/libc.a(random.o)
                                                  ./WMath.o
__divsf3                                          /usr/lib/gcc/avr/4.3.3/avr5/libgcc.a(_div_sf.o)
                                                  ./robot.o
                                                  ./Print.o
__do_clear_bss                                    /usr/lib/gcc/avr/4.3.3/avr5/libgcc.a(_clear_bss.o)
                                                  /usr/lib/gcc/avr/4.3.3/../../../avr/lib/avr5/libc.a(ungetc.o)
                                                  /usr/lib/gcc/avr/4.3.3/../../../avr/lib/avr5/libc.a(fputc.o)
                                                  /usr/lib/gcc/avr/4.3.3/../../../avr/lib/avr5/libc.a(fgetc.o)
                                                  /usr/lib/gcc/avr/4.3.3/../../../avr/lib/avr5/libc.a(malloc.o)
                                                  /usr/lib/gcc/avr/4.3.3/../../../avr/lib/avr5/libc.a(calloc.o)
                                                  /usr/lib/gcc/avr/4.3.3/../../../avr/lib/avr5/libc.a(vfscanf_std.o)
                                                  /usr/lib/gcc/avr/4.3.3/../../../avr/lib/avr5/libc.a(vfprintf_std.o)
                                                  /usr/lib/gcc/avr/4.3.3/../../../avr/lib/avr5/libc.a(sscanf.o)
                                                  /usr/lib/gcc/avr/4.3.3/../../../avr/lib/avr5/libc.a(iob.o)
                                                  /usr/lib/gcc/avr/4.3.3/../../../avr/lib/avr5/libc.a(fprintf.o)
                                                  /usr/lib/gcc/avr/4.3.3/../../../avr/lib/avr5/libc.a(fdevopen.o)
                                                  /usr/lib/gcc/avr/4.3.3/../../../avr/lib/avr5/libc.a(random.o)
                                                  /usr/lib/gcc/avr/4.3.3/avr5/libgcc.a(_clz.o)
                                                  /usr/lib/gcc/avr/4.3.3/avr5/libgcc.a(_fpcmp_parts_sf.o)
                                                  /usr/lib/gcc/avr/4.3.3/avr5/libgcc.a(_unpack_sf.o)
                                                  /usr/lib/gcc/avr/4.3.3/avr5/libgcc.a(_pack_sf.o)
                                                  /usr/lib/gcc/avr/4.3.3/avr5/libgcc.a(_clzsi2.o)
                                                  /usr/lib/gcc/avr/4.3.3/avr5/libgcc.a(_usi_to_sf.o)
                                                  /usr/lib/gcc/avr/4.3.3/avr5/libgcc.a(_thenan_sf.o)
                                                  /usr/lib/gcc/avr/4.3.3/avr5/libgcc.a(_sf_to_si.o)
                                                  /usr/lib/gcc/avr/4.3.3/avr5/libgcc.a(_si_to_sf.o)
                                                  /usr/lib/gcc/avr/4.3.3/avr5/libgcc.a(_lt_sf.o)
                                                  /usr/lib/gcc/avr/4.3.3/avr5/libgcc.a(_ge_sf.o)
                                                  /usr/lib/gcc/avr/4.3.3/avr5/libgcc.a(_div_sf.o)
                                                  /usr/lib/gcc/avr/4.3.3/avr5/libgcc.a(_mul_sf.o)
                                                  /usr/lib/gcc/avr/4.3.3/avr5/libgcc.a(_addsub_sf.o)
                                                  /usr/lib/gcc/avr/4.3.3/avr5/libgcc.a(_fixunssfsi.o)
                                                  ./wiring_shift.o
                                                  ./wiring_pulse.o
                                                  ./wiring_digital.o
                                                  ./wiring_analog.o
                                                  ./wiring.o
                                                  ./robot.o
                                                  ./pwm.o
                                                  ./pins_arduino.o
                                                  ./motorcontrol.o
                                                  ./main.o
                                                  ./global.o
                                                  ./communication.o
                                                  ./WMath.o
                                                  ./WInterrupts.o
                                                  ./Print.o
                                                  ./HardwareSerial.o
                                                  ./Encoder.o
__do_copy_data                                    /usr/lib/gcc/avr/4.3.3/avr5/libgcc.a(_copy_data.o)
                                                  /usr/lib/gcc/avr/4.3.3/../../../avr/lib/avr5/libc.a(ungetc.o)
                                                  /usr/lib/gcc/avr/4.3.3/../../../avr/lib/avr5/libc.a(fputc.o)
                                                  /usr/lib/gcc/avr/4.3.3/../../../avr/lib/avr5/libc.a(fgetc.o)
                                                  /usr/lib/gcc/avr/4.3.3/../../../avr/lib/avr5/libc.a(malloc.o)
                                                  /usr/lib/gcc/avr/4.3.3/../../../avr/lib/avr5/libc.a(calloc.o)
                                                  /usr/lib/gcc/avr/4.3.3/../../../avr/lib/avr5/libc.a(vfscanf_std.o)
                                                  /usr/lib/gcc/avr/4.3.3/../../../avr/lib/avr5/libc.a(vfprintf_std.o)
                                                  /usr/lib/gcc/avr/4.3.3/../../../avr/lib/avr5/libc.a(sscanf.o)
                                                  /usr/lib/gcc/avr/4.3.3/../../../avr/lib/avr5/libc.a(iob.o)
                                                  /usr/lib/gcc/avr/4.3.3/../../../avr/lib/avr5/libc.a(fprintf.o)
                                                  /usr/lib/gcc/avr/4.3.3/../../../avr/lib/avr5/libc.a(fdevopen.o)
                                                  /usr/lib/gcc/avr/4.3.3/../../../avr/lib/avr5/libc.a(random.o)
                                                  /usr/lib/gcc/avr/4.3.3/avr5/libgcc.a(_clz.o)
                                                  /usr/lib/gcc/avr/4.3.3/avr5/libgcc.a(_fpcmp_parts_sf.o)
                                                  /usr/lib/gcc/avr/4.3.3/avr5/libgcc.a(_unpack_sf.o)
                                                  /usr/lib/gcc/avr/4.3.3/avr5/libgcc.a(_pack_sf.o)
                                                  /usr/lib/gcc/avr/4.3.3/avr5/libgcc.a(_clzsi2.o)
                                                  /usr/lib/gcc/avr/4.3.3/avr5/libgcc.a(_usi_to_sf.o)
                                                  /usr/lib/gcc/avr/4.3.3/avr5/libgcc.a(_thenan_sf.o)
                                                  /usr/lib/gcc/avr/4.3.3/avr5/libgcc.a(_sf_to_si.o)
                                                  /usr/lib/gcc/avr/4.3.3/avr5/libgcc.a(_si_to_sf.o)
                                                  /usr/lib/gcc/avr/4.3.3/avr5/libgcc.a(_lt_sf.o)
                                                  /usr/lib/gcc/avr/4.3.3/avr5/libgcc.a(_ge_sf.o)
                                                  /usr/lib/gcc/avr/4.3.3/avr5/libgcc.a(_div_sf.o)
                                                  /usr/lib/gcc/avr/4.3.3/avr5/libgcc.a(_mul_sf.o)
                                                  /usr/lib/gcc/avr/4.3.3/avr5/libgcc.a(_addsub_sf.o)
                                                  /usr/lib/gcc/avr/4.3.3/avr5/libgcc.a(_fixunssfsi.o)
                                                  ./wiring_shift.o
                                                  ./wiring_pulse.o
                                                  ./wiring_digital.o
                                                  ./wiring_analog.o
                                                  ./wiring.o
                                                  ./robot.o
                                                  ./pwm.o
                                                  ./pins_arduino.o
                                                  ./motorcontrol.o
                                                  ./main.o
                                                  ./global.o
                                                  ./communication.o
                                                  ./WMath.o
                                                  ./WInterrupts.o
                                                  ./Print.o
                                                  ./HardwareSerial.o
                                                  ./Encoder.o
__do_global_ctors                                 /usr/lib/gcc/avr/4.3.3/avr5/libgcc.a(_ctors.o)
                                                  ./robot.o
                                                  ./HardwareSerial.o
__do_global_dtors                                 /usr/lib/gcc/avr/4.3.3/avr5/libgcc.a(_dtors.o)
                                                  ./robot.o
__dtors_end                                       /usr/lib/gcc/avr/4.3.3/avr5/libgcc.a(_dtors.o)
__dtors_start                                     /usr/lib/gcc/avr/4.3.3/avr5/libgcc.a(_dtors.o)
__epilogue_restores__                             /usr/lib/gcc/avr/4.3.3/avr5/libgcc.a(_epilogue.o)
                                                  /usr/lib/gcc/avr/4.3.3/../../../avr/lib/avr5/libc.a(vfscanf_std.o)
                                                  /usr/lib/gcc/avr/4.3.3/../../../avr/lib/avr5/libc.a(vfprintf_std.o)
                                                  /usr/lib/gcc/avr/4.3.3/../../../avr/lib/avr5/libc.a(sscanf.o)
                                                  /usr/lib/gcc/avr/4.3.3/../../../avr/lib/avr5/libc.a(fprintf.o)
                                                  /usr/lib/gcc/avr/4.3.3/../../../avr/lib/avr5/libc.a(random.o)
                                                  /usr/lib/gcc/avr/4.3.3/avr5/libgcc.a(_usi_to_sf.o)
                                                  /usr/lib/gcc/avr/4.3.3/avr5/libgcc.a(_sf_to_si.o)
                                                  /usr/lib/gcc/avr/4.3.3/avr5/libgcc.a(_si_to_sf.o)
                                                  /usr/lib/gcc/avr/4.3.3/avr5/libgcc.a(_lt_sf.o)
                                                  /usr/lib/gcc/avr/4.3.3/avr5/libgcc.a(_ge_sf.o)
                                                  /usr/lib/gcc/avr/4.3.3/avr5/libgcc.a(_div_sf.o)
                                                  /usr/lib/gcc/avr/4.3.3/avr5/libgcc.a(_mul_sf.o)
                                                  /usr/lib/gcc/avr/4.3.3/avr5/libgcc.a(_addsub_sf.o)
__fixsfsi                                         /usr/lib/gcc/avr/4.3.3/avr5/libgcc.a(_sf_to_si.o)
                                                  /usr/lib/gcc/avr/4.3.3/avr5/libgcc.a(_fixunssfsi.o)
                                                  ./robot.o
                                                  ./Print.o
__fixunssfsi                                      /usr/lib/gcc/avr/4.3.3/avr5/libgcc.a(_fixunssfsi.o)
                                                  ./Print.o
__floatsisf                                       /usr/lib/gcc/avr/4.3.3/avr5/libgcc.a(_si_to_sf.o)
                                                  ./robot.o
                                                  ./Print.o
__floatunsisf                                     /usr/lib/gcc/avr/4.3.3/avr5/libgcc.a(_usi_to_sf.o)
                                                  ./Print.o
__flp                                             /usr/lib/gcc/avr/4.3.3/../../../avr/lib/avr5/libc.a(malloc.o)
__fpcmp_parts_f                                   /usr/lib/gcc/avr/4.3.3/avr5/libgcc.a(_fpcmp_parts_sf.o)
                                                  /usr/lib/gcc/avr/4.3.3/avr5/libgcc.a(_lt_sf.o)
                                                  /usr/lib/gcc/avr/4.3.3/avr5/libgcc.a(_ge_sf.o)
__gesf2                                           /usr/lib/gcc/avr/4.3.3/avr5/libgcc.a(_ge_sf.o)
                                                  /usr/lib/gcc/avr/4.3.3/avr5/libgcc.a(_fixunssfsi.o)
__heap_end                                        /usr/lib/gcc/avr/4.3.3/../../../avr/lib/avr5/crtm328p.o
                                                  /usr/lib/gcc/avr/4.3.3/../../../avr/lib/avr5/libc.a(malloc.o)
__heap_start                                      /usr/lib/gcc/avr/4.3.3/../../../avr/lib/avr5/libc.a(malloc.o)
__init                                            /usr/lib/gcc/avr/4.3.3/../../../avr/lib/avr5/crtm328p.o
__iob                                             /usr/lib/gcc/avr/4.3.3/../../../avr/lib/avr5/libc.a(iob.o)
                                                  /usr/lib/gcc/avr/4.3.3/../../../avr/lib/avr5/libc.a(fdevopen.o)
__ltsf2                                           /usr/lib/gcc/avr/4.3.3/avr5/libgcc.a(_lt_sf.o)
                                                  ./Print.o
__malloc_heap_end                                 /usr/lib/gcc/avr/4.3.3/../../../avr/lib/avr5/libc.a(malloc.o)
__malloc_heap_start                               /usr/lib/gcc/avr/4.3.3/../../../avr/lib/avr5/libc.a(malloc.o)
__malloc_margin                                   /usr/lib/gcc/avr/4.3.3/../../../avr/lib/avr5/libc.a(malloc.o)
__mulsf3                                          /usr/lib/gcc/avr/4.3.3/avr5/libgcc.a(_mul_sf.o)
                                                  ./robot.o
                                                  ./Print.o
__mulsi3                                          /usr/lib/gcc/avr/4.3.3/avr5/libgcc.a(_mulsi3.o)
                                                  /usr/lib/gcc/avr/4.3.3/../../../avr/lib/avr5/libc.a(random.o)
                                                  ./wiring_pulse.o
                                                  ./WMath.o
                                                  ./HardwareSerial.o
__pack_f                                          /usr/lib/gcc/avr/4.3.3/avr5/libgcc.a(_pack_sf.o)
                                                  /usr/lib/gcc/avr/4.3.3/avr5/libgcc.a(_usi_to_sf.o)
                                                  /usr/lib/gcc/avr/4.3.3/avr5/libgcc.a(_si_to_sf.o)
                                                  /usr/lib/gcc/avr/4.3.3/avr5/libgcc.a(_div_sf.o)
                                                  /usr/lib/gcc/avr/4.3.3/avr5/libgcc.a(_mul_sf.o)
                                                  /usr/lib/gcc/avr/4.3.3/avr5/libgcc.a(_addsub_sf.o)
__prologue_saves__                                /usr/lib/gcc/avr/4.3.3/avr5/libgcc.a(_prologue.o)
                                                  /usr/lib/gcc/avr/4.3.3/../../../avr/lib/avr5/libc.a(vfscanf_std.o)
                                                  /usr/lib/gcc/avr/4.3.3/../../../avr/lib/avr5/libc.a(vfprintf_std.o)
                                                  /usr/lib/gcc/avr/4.3.3/../../../avr/lib/avr5/libc.a(sscanf.o)
                                                  /usr/lib/gcc/avr/4.3.3/../../../avr/lib/avr5/libc.a(fprintf.o)
                                                  /usr/lib/gcc/avr/4.3.3/../../../avr/lib/avr5/libc.a(random.o)
                                                  /usr/lib/gcc/avr/4.3.3/avr5/libgcc.a(_usi_to_sf.o)
                                                  /usr/lib/gcc/avr/4.3.3/avr5/libgcc.a(_sf_to_si.o)
                                                  /usr/lib/gcc/avr/4.3.3/avr5/libgcc.a(_si_to_sf.o)
                                                  /usr/lib/gcc/avr/4.3.3/avr5/libgcc.a(_lt_sf.o)
                                                  /usr/lib/gcc/avr/4.3.3/avr5/libgcc.a(_ge_sf.o)
                                                  /usr/lib/gcc/avr/4.3.3/avr5/libgcc.a(_div_sf.o)
                                                  /usr/lib/gcc/avr/4.3.3/avr5/libgcc.a(_mul_sf.o)
                                                  /usr/lib/gcc/avr/4.3.3/avr5/libgcc.a(_addsub_sf.o)
__stack                                           /usr/lib/gcc/avr/4.3.3/../../../avr/lib/avr5/crtm328p.o
__subsf3                                          /usr/lib/gcc/avr/4.3.3/avr5/libgcc.a(_addsub_sf.o)
                                                  /usr/lib/gcc/avr/4.3.3/avr5/libgcc.a(_fixunssfsi.o)
                                                  ./Print.o
__tablejump2__                                    /usr/lib/gcc/avr/4.3.3/avr5/libgcc.a(_tablejump.o)
__tablejump__                                     /usr/lib/gcc/avr/4.3.3/avr5/libgcc.a(_tablejump.o)
                                                  /usr/lib/gcc/avr/4.3.3/avr5/libgcc.a(_dtors.o)
                                                  /usr/lib/gcc/avr/4.3.3/avr5/libgcc.a(_ctors.o)
__thenan_sf                                       /usr/lib/gcc/avr/4.3.3/avr5/libgcc.a(_thenan_sf.o)
                                                  /usr/lib/gcc/avr/4.3.3/avr5/libgcc.a(_div_sf.o)
                                                  /usr/lib/gcc/avr/4.3.3/avr5/libgcc.a(_mul_sf.o)
                                                  /usr/lib/gcc/avr/4.3.3/avr5/libgcc.a(_addsub_sf.o)
__udivmodhi4                                      /usr/lib/gcc/avr/4.3.3/avr5/libgcc.a(_udivmodhi4.o)
                                                  /usr/lib/gcc/avr/4.3.3/avr5/libgcc.a(_divmodhi4.o)
__udivmodsi4                                      /usr/lib/gcc/avr/4.3.3/avr5/libgcc.a(_udivmodsi4.o)
                                                  /usr/lib/gcc/avr/4.3.3/avr5/libgcc.a(_divmodsi4.o)
                                                  ./Print.o
                                                  ./HardwareSerial.o
__ultoa_invert                                    /usr/lib/gcc/avr/4.3.3/../../../avr/lib/avr5/libc.a(ultoa_invert.o)
                                                  /usr/lib/gcc/avr/4.3.3/../../../avr/lib/avr5/libc.a(vfprintf_std.o)
__unpack_f                                        /usr/lib/gcc/avr/4.3.3/avr5/libgcc.a(_unpack_sf.o)
                                                  /usr/lib/gcc/avr/4.3.3/avr5/libgcc.a(_sf_to_si.o)
                                                  /usr/lib/gcc/avr/4.3.3/avr5/libgcc.a(_lt_sf.o)
                                                  /usr/lib/gcc/avr/4.3.3/avr5/libgcc.a(_ge_sf.o)
                                                  /usr/lib/gcc/avr/4.3.3/avr5/libgcc.a(_div_sf.o)
                                                  /usr/lib/gcc/avr/4.3.3/avr5/libgcc.a(_mul_sf.o)
                                                  /usr/lib/gcc/avr/4.3.3/avr5/libgcc.a(_addsub_sf.o)
__vector_1                                        ./WInterrupts.o
                                                  /usr/lib/gcc/avr/4.3.3/../../../avr/lib/avr5/crtm328p.o
__vector_10                                       /usr/lib/gcc/avr/4.3.3/../../../avr/lib/avr5/crtm328p.o
__vector_11                                       /usr/lib/gcc/avr/4.3.3/../../../avr/lib/avr5/crtm328p.o
__vector_12                                       /usr/lib/gcc/avr/4.3.3/../../../avr/lib/avr5/crtm328p.o
__vector_13                                       /usr/lib/gcc/avr/4.3.3/../../../avr/lib/avr5/crtm328p.o
__vector_14                                       /usr/lib/gcc/avr/4.3.3/../../../avr/lib/avr5/crtm328p.o
__vector_15                                       /usr/lib/gcc/avr/4.3.3/../../../avr/lib/avr5/crtm328p.o
__vector_16                                       ./wiring.o
                                                  /usr/lib/gcc/avr/4.3.3/../../../avr/lib/avr5/crtm328p.o
__vector_17                                       /usr/lib/gcc/avr/4.3.3/../../../avr/lib/avr5/crtm328p.o
__vector_18                                       ./HardwareSerial.o
                                                  /usr/lib/gcc/avr/4.3.3/../../../avr/lib/avr5/crtm328p.o
__vector_19                                       /usr/lib/gcc/avr/4.3.3/../../../avr/lib/avr5/crtm328p.o
__vector_2                                        ./WInterrupts.o
                                                  /usr/lib/gcc/avr/4.3.3/../../../avr/lib/avr5/crtm328p.o
__vector_20                                       /usr/lib/gcc/avr/4.3.3/../../../avr/lib/avr5/crtm328p.o
__vector_21                                       /usr/lib/gcc/avr/4.3.3/../../../avr/lib/avr5/crtm328p.o
__vector_22                                       /usr/lib/gcc/avr/4.3.3/../../../avr/lib/avr5/crtm328p.o
__vector_23                                       /usr/lib/gcc/avr/4.3.3/../../../avr/lib/avr5/crtm328p.o
__vector_24                                       /usr/lib/gcc/avr/4.3.3/../../../avr/lib/avr5/crtm328p.o
__vector_25                                       /usr/lib/gcc/avr/4.3.3/../../../avr/lib/avr5/crtm328p.o
__vector_3                                        /usr/lib/gcc/avr/4.3.3/../../../avr/lib/avr5/crtm328p.o
__vector_4                                        /usr/lib/gcc/avr/4.3.3/../../../avr/lib/avr5/crtm328p.o
__vector_5                                        ./robot.o
                                                  /usr/lib/gcc/avr/4.3.3/../../../avr/lib/avr5/crtm328p.o
__vector_6                                        /usr/lib/gcc/avr/4.3.3/../../../avr/lib/avr5/crtm328p.o
__vector_7                                        /usr/lib/gcc/avr/4.3.3/../../../avr/lib/avr5/crtm328p.o
__vector_8                                        /usr/lib/gcc/avr/4.3.3/../../../avr/lib/avr5/crtm328p.o
__vector_9                                        ./robot.o
                                                  /usr/lib/gcc/avr/4.3.3/../../../avr/lib/avr5/crtm328p.o
__vector_default                                  /usr/lib/gcc/avr/4.3.3/../../../avr/lib/avr5/crtm328p.o
__vectors                                         /usr/lib/gcc/avr/4.3.3/../../../avr/lib/avr5/crtm328p.o
_div                                              /usr/lib/gcc/avr/4.3.3/avr5/libgcc.a(_divmodhi4.o)
_exit                                             /usr/lib/gcc/avr/4.3.3/avr5/libgcc.a(_exit.o)
analogRead                                        ./wiring_analog.o
analogReference                                   ./wiring_analog.o
analogWrite                                       ./wiring_analog.o
analog_reference                                  ./wiring_analog.o
attachInterrupt                                   ./WInterrupts.o
calloc                                            /usr/lib/gcc/avr/4.3.3/../../../avr/lib/avr5/libc.a(calloc.o)
                                                  /usr/lib/gcc/avr/4.3.3/../../../avr/lib/avr5/libc.a(fdevopen.o)
delay                                             ./wiring.o
delayMicroseconds                                 ./wiring.o
detachInterrupt                                   ./WInterrupts.o
digitalRead                                       ./wiring_digital.o
digitalWrite                                      ./wiring_digital.o
                                                  ./wiring_shift.o
                                                  ./wiring_analog.o
digital_pin_to_bit_mask_PGM                       ./pins_arduino.o
                                                  ./wiring_pulse.o
                                                  ./wiring_digital.o
digital_pin_to_port_PGM                           ./pins_arduino.o
                                                  ./wiring_pulse.o
                                                  ./wiring_digital.o
digital_pin_to_timer_PGM                          ./pins_arduino.o
                                                  ./wiring_digital.o
                                                  ./wiring_analog.o
dutyCyclePWM1                                     ./pwm.o
                                                  ./motorcontrol.o
dutyCyclePWM2                                     ./pwm.o
                                                  ./motorcontrol.o
encoder                                           ./robot.o
exit                                              /usr/lib/gcc/avr/4.3.3/avr5/libgcc.a(_exit.o)
                                                  /usr/lib/gcc/avr/4.3.3/../../../avr/lib/avr5/crtm328p.o
fdevopen                                          /usr/lib/gcc/avr/4.3.3/../../../avr/lib/avr5/libc.a(fdevopen.o)
                                                  ./communication.o
fgetc                                             /usr/lib/gcc/avr/4.3.3/../../../avr/lib/avr5/libc.a(fgetc.o)
                                                  /usr/lib/gcc/avr/4.3.3/../../../avr/lib/avr5/libc.a(vfscanf_std.o)
fprintf                                           /usr/lib/gcc/avr/4.3.3/../../../avr/lib/avr5/libc.a(fprintf.o)
                                                  ./main.o
fputc                                             /usr/lib/gcc/avr/4.3.3/../../../avr/lib/avr5/libc.a(fputc.o)
                                                  /usr/lib/gcc/avr/4.3.3/../../../avr/lib/avr5/libc.a(vfprintf_std.o)
free                                              /usr/lib/gcc/avr/4.3.3/../../../avr/lib/avr5/libc.a(malloc.o)
getMessage()                                      ./communication.o
                                                  ./main.o
init                                              ./wiring.o
                                                  ./main.o
initCom()                                         ./communication.o
                                                  ./main.o
initEncoders()                                    ./robot.o
                                                  ./main.o
initMotor1                                        ./motorcontrol.o
                                                  ./robot.o
initMotor2                                        ./motorcontrol.o
                                                  ./robot.o
initPWM                                           ./pwm.o
                                                  ./motorcontrol.o
initSpeedControl()                                ./robot.o
invertPWM1                                        ./pwm.o
                                                  ./motorcontrol.o
invertPWM2                                        ./pwm.o
                                                  ./motorcontrol.o
isspace                                           /usr/lib/gcc/avr/4.3.3/../../../avr/lib/avr5/libc.a(isspace.o)
                                                  /usr/lib/gcc/avr/4.3.3/../../../avr/lib/avr5/libc.a(vfscanf_std.o)
limitSpeedMax                                     ./motorcontrol.o
                                                  ./robot.o
main                                              ./main.o
                                                  /usr/lib/gcc/avr/4.3.3/../../../avr/lib/avr5/crtm328p.o
makeWord(unsigned char, unsigned char)            ./WMath.o
makeWord(unsigned int)                            ./WMath.o
malloc                                            /usr/lib/gcc/avr/4.3.3/../../../avr/lib/avr5/libc.a(malloc.o)
                                                  /usr/lib/gcc/avr/4.3.3/../../../avr/lib/avr5/libc.a(calloc.o)
map(long, long, long, long, long)                 ./WMath.o
memset                                            /usr/lib/gcc/avr/4.3.3/../../../avr/lib/avr5/libc.a(memset.o)
                                                  /usr/lib/gcc/avr/4.3.3/../../../avr/lib/avr5/libc.a(calloc.o)
message                                           ./communication.o
messageAvailable()                                ./communication.o
                                                  ./main.o
messageDone                                       ./communication.o
messageIndex                                      ./communication.o
micros                                            ./wiring.o
millis                                            ./wiring.o
motor1Forward                                     ./motorcontrol.o
motor1Reverse                                     ./motorcontrol.o
motor1SetSpeed                                    ./motorcontrol.o
                                                  ./robot.o
motor2Forward                                     ./motorcontrol.o
motor2Reverse                                     ./motorcontrol.o
motor2SetSpeed                                    ./motorcontrol.o
                                                  ./robot.o
nonInvertPWM1                                     ./pwm.o
                                                  ./motorcontrol.o
nonInvertPWM2                                     ./pwm.o
                                                  ./motorcontrol.o
pinMode                                           ./wiring_digital.o
                                                  ./wiring_analog.o
port_to_input_PGM                                 ./pins_arduino.o
                                                  ./wiring_pulse.o
                                                  ./wiring_digital.o
port_to_mode_PGM                                  ./pins_arduino.o
                                                  ./wiring_digital.o
port_to_output_PGM                                ./pins_arduino.o
                                                  ./wiring_digital.o
pulseIn                                           ./wiring_pulse.o
random                                            /usr/lib/gcc/avr/4.3.3/../../../avr/lib/avr5/libc.a(random.o)
                                                  ./WMath.o
random(long)                                      ./WMath.o
random(long, long)                                ./WMath.o
randomSeed(unsigned int)                          ./WMath.o
random_r                                          /usr/lib/gcc/avr/4.3.3/../../../avr/lib/avr5/libc.a(random.o)
readChar(__file*)                                 ./communication.o
rx_buffer                                         ./HardwareSerial.o
setLeftMotorSpeed(int)                            ./robot.o
                                                  ./main.o
setMovement(int)                                  ./robot.o
setRightMotorSpeed(int)                           ./robot.o
                                                  ./main.o
shiftOut                                          ./wiring_shift.o
srandom                                           /usr/lib/gcc/avr/4.3.3/../../../avr/lib/avr5/libc.a(random.o)
                                                  ./WMath.o
sscanf                                            /usr/lib/gcc/avr/4.3.3/../../../avr/lib/avr5/libc.a(sscanf.o)
                                                  ./main.o
stop()                                            ./robot.o
strchr_P                                          /usr/lib/gcc/avr/4.3.3/../../../avr/lib/avr5/libc.a(strchr_P.o)
                                                  /usr/lib/gcc/avr/4.3.3/../../../avr/lib/avr5/libc.a(vfscanf_std.o)
strnlen                                           /usr/lib/gcc/avr/4.3.3/../../../avr/lib/avr5/libc.a(strnlen.o)
                                                  /usr/lib/gcc/avr/4.3.3/../../../avr/lib/avr5/libc.a(vfprintf_std.o)
strnlen_P                                         /usr/lib/gcc/avr/4.3.3/../../../avr/lib/avr5/libc.a(strnlen_P.o)
                                                  /usr/lib/gcc/avr/4.3.3/../../../avr/lib/avr5/libc.a(vfprintf_std.o)
timer0_millis                                     ./wiring.o
timer0_overflow_count                             ./wiring.o
uart                                              ./communication.o
                                                  ./main.o
ungetc                                            /usr/lib/gcc/avr/4.3.3/../../../avr/lib/avr5/libc.a(ungetc.o)
                                                  /usr/lib/gcc/avr/4.3.3/../../../avr/lib/avr5/libc.a(vfscanf_std.o)
vfprintf                                          /usr/lib/gcc/avr/4.3.3/../../../avr/lib/avr5/libc.a(vfprintf_std.o)
                                                  /usr/lib/gcc/avr/4.3.3/../../../avr/lib/avr5/libc.a(fprintf.o)
vfscanf                                           /usr/lib/gcc/avr/4.3.3/../../../avr/lib/avr5/libc.a(vfscanf_std.o)
                                                  /usr/lib/gcc/avr/4.3.3/../../../avr/lib/avr5/libc.a(sscanf.o)
vtable for HardwareSerial                         ./HardwareSerial.o
vtable for Print                                  ./Print.o
writeChar(char, __file*)                          ./communication.o
